2026-03-01 22:45:19: [API] Reasoning Engine available
2026-03-01 22:45:19: 
2026-03-01 22:45:19: [API] Embeddings available
2026-03-01 22:45:21: [API] Reasoning Engine available
2026-03-01 22:45:22: [API] Embeddings available
2026-03-01 22:45:24: [API] Reasoning Engine available
2026-03-01 22:45:24: [API] Embeddings available
2026-03-01 22:45:26: [API] Reasoning Engine available
2026-03-01 22:45:26: [API] Embeddings available
2026-03-01 22:45:28: [API] Reasoning Engine available
2026-03-01 22:45:28: [API] Embeddings available
2026-03-01 22:45:30: [API] Reasoning Engine available
2026-03-01 22:45:30: [API] Embeddings available
2026-03-01 22:45:32: [API] Reasoning Engine available
2026-03-01 22:45:32: [API] Embeddings available
2026-03-01 22:45:34: [API] Reasoning Engine available
2026-03-01 22:45:34: [API] Embeddings available
2026-03-01 22:45:36: [API] Reasoning Engine available
2026-03-01 22:45:36: [API] Embeddings available
2026-03-01 22:45:38: [API] Reasoning Engine available
2026-03-01 22:45:38: [API] Embeddings available
2026-03-01 22:45:40: [API] Reasoning Engine available
2026-03-01 22:45:40: [API] Embeddings available
2026-03-01 22:45:43: [API] Reasoning Engine available
2026-03-01 22:45:43: [API] Embeddings available
2026-03-01 22:45:45: [API] Reasoning Engine available
2026-03-01 22:45:45: [API] Embeddings available
2026-03-01 22:45:47: [API] Reasoning Engine available
2026-03-01 22:45:47: [API] Embeddings available
2026-03-01 22:45:49: [API] Reasoning Engine available
2026-03-01 22:45:49: [API] Embeddings available
2026-03-01 22:45:51: [API] Reasoning Engine available
2026-03-01 22:45:51: 
2026-03-01 22:45:51: [API] Embeddings available
2026-03-01 22:45:53: [API] Reasoning Engine available
2026-03-01 22:45:53: [API] Embeddings available
2026-03-01 22:45:55: [API] Reasoning Engine available
2026-03-01 22:45:55: [API] Embeddings available
2026-03-01 22:45:57: [API] Reasoning Engine available
2026-03-01 22:45:57: [API] Embeddings available
2026-03-01 22:45:59: [API] Reasoning Engine available
2026-03-01 22:45:59: [API] Embeddings available
2026-03-01 22:46:01: [API] Reasoning Engine available
2026-03-01 22:46:01: [API] Embeddings available
2026-03-01 22:46:04: [API] Reasoning Engine available
2026-03-01 22:46:04: [API] Embeddings available
2026-03-01 22:46:06: [API] Reasoning Engine available
2026-03-01 22:46:06: [API] Embeddings available
2026-03-01 22:46:08: [API] Reasoning Engine available
2026-03-01 22:46:08: [API] Embeddings available
2026-03-01 22:46:10: [API] Reasoning Engine available
2026-03-01 22:46:10: [API] Embeddings available
2026-03-01 22:46:12: [API] Reasoning Engine available
2026-03-01 22:46:12: [API] Embeddings available
2026-03-01 22:46:14: [API] Reasoning Engine available
2026-03-01 22:46:14: [API] Embeddings available
2026-03-01 22:46:16: [API] Reasoning Engine available
2026-03-01 22:46:16: [API] Embeddings available
2026-03-01 22:46:18: [API] Reasoning Engine available
2026-03-01 22:46:18: [API] Embeddings available
2026-03-01 22:46:21: [API] Reasoning Engine available
2026-03-01 22:46:21: [API] Embeddings available
2026-03-01 22:46:23: [API] Reasoning Engine available
2026-03-01 22:46:23: [API] Embeddings available
2026-03-01 22:46:25: [API] Reasoning Engine available
2026-03-01 22:46:25: [API] Embeddings available
2026-03-01 22:46:27: [API] Reasoning Engine available
2026-03-01 22:46:27: [API] Embeddings available
2026-03-01 22:46:29: [API] Reasoning Engine available
2026-03-01 22:46:29: [API] Embeddings available
2026-03-01 22:46:31: [API] Reasoning Engine available
2026-03-01 22:46:31: [API] Embeddings available
2026-03-01 22:46:33: [API] Reasoning Engine available
2026-03-01 22:46:33: [API] Embeddings available
2026-03-01 22:46:35: [API] Reasoning Engine available
2026-03-01 22:46:35: [API] Embeddings available
2026-03-01 22:46:37: [API] Reasoning Engine available
2026-03-01 22:46:37: [API] Embeddings available
2026-03-01 22:46:40: [API] Reasoning Engine available
2026-03-01 22:46:40: [API] Embeddings available
2026-03-01 22:46:42: [API] Reasoning Engine available
2026-03-01 22:46:42: [API] Embeddings available
2026-03-01 22:46:44: [API] Reasoning Engine available
2026-03-01 22:46:44: [API] Embeddings available
2026-03-01 22:46:46: [API] Reasoning Engine available
2026-03-01 22:46:46: [API] Embeddings available
2026-03-01 22:46:48: [API] Reasoning Engine available
2026-03-01 22:46:48: [API] Embeddings available
2026-03-01 22:46:50: [API] Reasoning Engine available
2026-03-01 22:46:50: [API] Embeddings available
2026-03-01 22:46:52: [API] Reasoning Engine available
2026-03-01 22:46:52: [API] Embeddings available
2026-03-01 22:46:54: [API] Reasoning Engine available
2026-03-01 22:46:54: [API] Embeddings available
2026-03-01 22:46:56: [API] Reasoning Engine available
2026-03-01 22:46:56: [API] Embeddings available
2026-03-01 22:46:58: [API] Reasoning Engine available
2026-03-01 22:46:58: [API] Embeddings available
2026-03-01 22:47:01: [API] Reasoning Engine available
2026-03-01 22:47:01: [API] Embeddings available
2026-03-01 22:47:03: [API] Reasoning Engine available
2026-03-01 22:47:03: [API] Embeddings available
2026-03-01 22:47:05: [API] Reasoning Engine available
2026-03-01 22:47:05: [API] Embeddings available
2026-03-01 22:47:07: [API] Reasoning Engine available
2026-03-01 22:47:07: [API] Embeddings available
2026-03-01 22:47:09: [API] Reasoning Engine available
2026-03-01 22:47:09: [API] Embeddings available
2026-03-01 22:47:11: [API] Reasoning Engine available
2026-03-01 22:47:11: [API] Embeddings available
2026-03-01 22:47:13: [API] Reasoning Engine available
2026-03-01 22:47:13: [API] Embeddings available
2026-03-01 22:47:13: 
2026-03-01 22:47:15: [API] Reasoning Engine available
2026-03-01 22:47:15: [API] Embeddings available
2026-03-01 22:47:17: [API] Reasoning Engine available
2026-03-01 22:47:17: [API] Embeddings available
2026-03-01 22:47:20: [API] Reasoning Engine available
2026-03-01 22:47:20: 
2026-03-01 22:47:20: [API] Embeddings available
2026-03-01 22:47:22: [API] Reasoning Engine available
2026-03-01 22:47:22: [API] Embeddings available
2026-03-01 22:47:24: [API] Reasoning Engine available
2026-03-01 22:47:24: [API] Embeddings available
2026-03-01 22:47:26: [API] Reasoning Engine available
2026-03-01 22:47:26: [API] Embeddings available
2026-03-01 22:47:28: [API] Reasoning Engine available
2026-03-01 22:47:28: [API] Embeddings available
2026-03-01 22:47:30: [API] Reasoning Engine available
2026-03-01 22:47:30: [API] Embeddings available
2026-03-01 22:47:32: [API] Reasoning Engine available
2026-03-01 22:47:32: [API] Embeddings available
2026-03-01 22:47:34: [API] Reasoning Engine available
2026-03-01 22:47:34: [API] Embeddings available
2026-03-01 22:47:36: [API] Reasoning Engine available
2026-03-01 22:47:36: [API] Embeddings available
2026-03-01 22:47:36: 
2026-03-01 22:47:39: [API] Reasoning Engine available
2026-03-01 22:47:39: [API] Embeddings available
2026-03-01 22:47:41: [API] Reasoning Engine available
2026-03-01 22:47:41: [API] Embeddings available
2026-03-01 22:47:43: [API] Reasoning Engine available
2026-03-01 22:47:43: [API] Embeddings available
2026-03-01 22:47:45: [API] Reasoning Engine available
2026-03-01 22:47:45: [API] Embeddings available
2026-03-01 22:47:47: [API] Reasoning Engine available
2026-03-01 22:47:47: [API] Embeddings available
2026-03-01 22:47:49: [API] Reasoning Engine available
2026-03-01 22:47:49: [API] Embeddings available
2026-03-01 22:47:51: [API] Reasoning Engine available
2026-03-01 22:47:51: [API] Embeddings available
2026-03-01 22:47:53: [API] Reasoning Engine available
2026-03-01 22:47:53: [API] Embeddings available
2026-03-01 22:47:55: [API] Reasoning Engine available
2026-03-01 22:47:55: [API] Embeddings available
2026-03-01 22:47:57: [API] Reasoning Engine available
2026-03-01 22:47:57: [API] Embeddings available
2026-03-01 22:48:00: [API] Reasoning Engine available
2026-03-01 22:48:00: 
2026-03-01 22:48:00: [API] Embeddings available
2026-03-01 22:48:02: [API] Reasoning Engine available
2026-03-01 22:48:02: [API] Embeddings available
2026-03-01 22:48:04: [API] Reasoning Engine available
2026-03-01 22:48:04: [API] Embeddings available
2026-03-01 22:48:06: [API] Reasoning Engine available
2026-03-01 22:48:06: [API] Embeddings available
2026-03-01 22:48:08: [API] Reasoning Engine available
2026-03-01 22:48:08: [API] Embeddings available
2026-03-01 22:48:10: [API] Reasoning Engine available
2026-03-01 22:48:10: [API] Embeddings available
2026-03-01 22:48:12: [API] Reasoning Engine available
2026-03-01 22:48:12: [API] Embeddings available
2026-03-01 22:48:14: [API] Reasoning Engine available
2026-03-01 22:48:14: [API] Embeddings available
2026-03-01 22:48:17: [API] Reasoning Engine available
2026-03-01 22:48:17: [API] Embeddings available
2026-03-01 22:48:19: [API] Reasoning Engine available
2026-03-01 22:48:19: [API] Embeddings available
2026-03-01 22:48:21: [API] Reasoning Engine available
2026-03-01 22:48:21: [API] Embeddings available
2026-03-01 22:48:23: [API] Reasoning Engine available
2026-03-01 22:48:23: [API] Embeddings available
2026-03-01 22:48:25: [API] Reasoning Engine available
2026-03-01 22:48:25: [API] Embeddings available
2026-03-01 22:48:27: [API] Reasoning Engine available
2026-03-01 22:48:27: [API] Embeddings available
2026-03-01 22:48:29: [API] Reasoning Engine available
2026-03-01 22:48:29: [API] Embeddings available
2026-03-01 22:48:31: [API] Reasoning Engine available
2026-03-01 22:48:31: [API] Embeddings available
2026-03-01 22:48:33: [API] Reasoning Engine available
2026-03-01 22:48:33: 
2026-03-01 22:48:33: [API] Embeddings available
2026-03-01 22:48:36: [API] Reasoning Engine available
2026-03-01 22:48:36: [API] Embeddings available
2026-03-01 22:48:38: [API] Reasoning Engine available
2026-03-01 22:48:38: [API] Embeddings available
2026-03-01 22:48:40: [API] Reasoning Engine available
2026-03-01 22:48:40: [API] Embeddings available
2026-03-01 22:48:42: [API] Reasoning Engine available
2026-03-01 22:48:42: [API] Embeddings available
2026-03-01 22:48:44: [API] Reasoning Engine available
2026-03-01 22:48:44: [API] Embeddings available
2026-03-01 22:48:46: [API] Reasoning Engine available
2026-03-01 22:48:46: [API] Embeddings available
2026-03-01 22:48:48: [API] Reasoning Engine available
2026-03-01 22:48:48: [API] Embeddings available
2026-03-01 22:48:50: [API] Reasoning Engine available
2026-03-01 22:48:50: [API] Embeddings available
2026-03-01 22:48:52: [API] Reasoning Engine available
2026-03-01 22:48:52: [API] Embeddings available
2026-03-01 22:48:54: [API] Reasoning Engine available
2026-03-01 22:48:54: [API] Embeddings available
2026-03-01 22:48:57: [API] Reasoning Engine available
2026-03-01 22:48:57: [API] Embeddings available
2026-03-01 22:48:59: [API] Reasoning Engine available
2026-03-01 22:48:59: [API] Embeddings available
2026-03-01 22:49:01: [API] Reasoning Engine available
2026-03-01 22:49:01: 
2026-03-01 22:49:01: [API] Embeddings available
2026-03-01 22:49:03: [API] Reasoning Engine available
2026-03-01 22:49:03: [API] Embeddings available
2026-03-01 22:49:05: [API] Reasoning Engine available
2026-03-01 22:49:05: [API] Embeddings available
2026-03-01 22:49:07: [API] Reasoning Engine available
2026-03-01 22:49:07: [API] Embeddings available
2026-03-01 22:49:09: [API] Reasoning Engine available
2026-03-01 22:49:09: [API] Embeddings available
2026-03-01 22:49:11: [API] Reasoning Engine available
2026-03-01 22:49:11: [API] Embeddings available
2026-03-01 22:49:13: [API] Reasoning Engine available
2026-03-01 22:49:13: 
2026-03-01 22:49:13: [API] Embeddings available
2026-03-01 22:49:16: [API] Reasoning Engine available
2026-03-01 22:49:16: [API] Embeddings available
2026-03-01 22:49:18: [API] Reasoning Engine available
2026-03-01 22:49:18: [API] Embeddings available
2026-03-01 22:49:20: [API] Reasoning Engine available
2026-03-01 22:49:20: [API] Embeddings available
2026-03-01 22:49:22: [API] Reasoning Engine available
2026-03-01 22:49:22: [API] Embeddings available
2026-03-01 22:49:24: [API] Reasoning Engine available
2026-03-01 22:49:24: [API] Embeddings available
2026-03-01 22:49:26: [API] Reasoning Engine available
2026-03-01 22:49:26: [API] Embeddings available
2026-03-01 22:49:28: [API] Reasoning Engine available
2026-03-01 22:49:28: [API] Embeddings available
2026-03-01 22:49:30: [API] Reasoning Engine available
2026-03-01 22:49:30: [API] Embeddings available
2026-03-01 22:49:32: [API] Reasoning Engine available
2026-03-01 22:49:32: [API] Embeddings available
2026-03-01 22:49:35: [API] Reasoning Engine available
2026-03-01 22:49:35: [API] Embeddings available
2026-03-01 22:49:37: [API] Reasoning Engine available
2026-03-01 22:49:37: [API] Embeddings available
2026-03-01 22:49:39: [API] Reasoning Engine available
2026-03-01 22:49:39: [API] Embeddings available
2026-03-01 22:49:41: [API] Reasoning Engine available
2026-03-01 22:49:41: [API] Embeddings available
2026-03-01 22:49:43: [API] Reasoning Engine available
2026-03-01 22:49:43: [API] Embeddings available
2026-03-01 22:49:45: [API] Reasoning Engine available
2026-03-01 22:49:45: [API] Embeddings available
2026-03-01 22:49:47: [API] Reasoning Engine available
2026-03-01 22:49:47: [API] Embeddings available
2026-03-01 22:49:49: [API] Reasoning Engine available
2026-03-01 22:49:49: [API] Embeddings available
2026-03-01 22:49:51: [API] Reasoning Engine available
2026-03-01 22:49:51: [API] Embeddings available
2026-03-01 22:49:53: [API] Reasoning Engine available
2026-03-01 22:49:53: [API] Embeddings available
2026-03-01 22:49:56: [API] Reasoning Engine available
2026-03-01 22:49:56: [API] Embeddings available
2026-03-01 22:49:58: [API] Reasoning Engine available
2026-03-01 22:49:58: [API] Embeddings available
2026-03-01 22:50:00: [API] Reasoning Engine available
2026-03-01 22:50:00: [API] Embeddings available
2026-03-01 22:50:02: [API] Reasoning Engine available
2026-03-01 22:50:02: [API] Embeddings available
2026-03-01 22:50:04: [API] Reasoning Engine available
2026-03-01 22:50:04: [API] Embeddings available
2026-03-01 22:50:06: [API] Reasoning Engine available
2026-03-01 22:50:06: [API] Embeddings available
2026-03-01 22:50:08: [API] Reasoning Engine available
2026-03-01 22:50:08: [API] Embeddings available
2026-03-01 22:50:10: [API] Reasoning Engine available
2026-03-01 22:50:10: [API] Embeddings available
2026-03-01 22:50:12: [API] Reasoning Engine available
2026-03-01 22:50:12: [API] Embeddings available
2026-03-01 22:50:15: [API] Reasoning Engine available
2026-03-01 22:50:15: [API] Embeddings available
2026-03-01 22:50:17: [API] Reasoning Engine available
2026-03-01 22:50:17: [API] Embeddings available
2026-03-01 22:50:19: [API] Reasoning Engine available
2026-03-01 22:50:19: [API] Embeddings available
2026-03-01 22:50:19: 
2026-03-01 22:50:21: [API] Reasoning Engine available
2026-03-01 22:50:21: [API] Embeddings available
2026-03-01 22:50:23: [API] Reasoning Engine available
2026-03-01 22:50:23: [API] Embeddings available
2026-03-01 22:50:25: [API] Reasoning Engine available
2026-03-01 22:50:25: [API] Embeddings available
2026-03-01 22:50:27: [API] Reasoning Engine available
2026-03-01 22:50:27: [API] Embeddings available
2026-03-01 22:50:29: [API] Reasoning Engine available
2026-03-01 22:50:29: [API] Embeddings available
2026-03-01 22:50:31: [API] Reasoning Engine available
2026-03-01 22:50:31: [API] Embeddings available
2026-03-01 22:50:34: [API] Reasoning Engine available
2026-03-01 22:50:34: [API] Embeddings available
2026-03-01 22:50:36: [API] Reasoning Engine available
2026-03-01 22:50:36: [API] Embeddings available
2026-03-01 22:50:38: [API] Reasoning Engine available
2026-03-01 22:50:38: [API] Embeddings available
2026-03-01 22:50:40: [API] Reasoning Engine available
2026-03-01 22:50:40: [API] Embeddings available
2026-03-01 22:50:42: [API] Reasoning Engine available
2026-03-01 22:50:42: [API] Embeddings available
2026-03-01 22:50:44: [API] Reasoning Engine available
2026-03-01 22:50:44: [API] Embeddings available
2026-03-01 22:50:46: [API] Reasoning Engine available
2026-03-01 22:50:46: [API] Embeddings available
2026-03-01 22:50:48: [API] Reasoning Engine available
2026-03-01 22:50:48: [API] Embeddings available
2026-03-01 22:50:50: [API] Reasoning Engine available
2026-03-01 22:50:50: [API] Embeddings available
2026-03-01 22:50:53: [API] Reasoning Engine available
2026-03-01 22:50:53: [API] Embeddings available
2026-03-01 22:50:55: [API] Reasoning Engine available
2026-03-01 22:50:55: [API] Embeddings available
2026-03-01 22:50:57: [API] Reasoning Engine available
2026-03-01 22:50:57: [API] Embeddings available
2026-03-01 22:50:59: [API] Reasoning Engine available
2026-03-01 22:50:59: [API] Embeddings available
2026-03-01 22:51:01: [API] Reasoning Engine available
2026-03-01 22:51:01: 
2026-03-01 22:51:01: [API] Embeddings available
2026-03-01 22:51:03: [API] Reasoning Engine available
2026-03-01 22:51:03: [API] Embeddings available
2026-03-01 22:51:05: [API] Reasoning Engine available
2026-03-01 22:51:05: [API] Embeddings available
2026-03-01 22:51:07: [API] Reasoning Engine available
2026-03-01 22:51:07: [API] Embeddings available
2026-03-01 22:51:09: [API] Reasoning Engine available
2026-03-01 22:51:09: [API] Embeddings available
2026-03-01 22:51:12: [API] Reasoning Engine available
2026-03-01 22:51:12: [API] Embeddings available
2026-03-01 22:51:14: [API] Reasoning Engine available
2026-03-01 22:51:14: [API] Embeddings available
2026-03-01 22:51:16: [API] Reasoning Engine available
2026-03-01 22:51:16: [API] Embeddings available
2026-03-01 22:51:18: [API] Reasoning Engine available
2026-03-01 22:51:18: [API] Embeddings available
2026-03-01 22:51:20: [API] Reasoning Engine available
2026-03-01 22:51:20: [API] Embeddings available
2026-03-01 22:51:22: [API] Reasoning Engine available
2026-03-01 22:51:22: [API] Embeddings available
2026-03-01 22:51:24: [API] Reasoning Engine available
2026-03-01 22:51:24: [API] Embeddings available
2026-03-01 22:51:26: [API] Reasoning Engine available
2026-03-01 22:51:26: [API] Embeddings available
2026-03-01 22:51:28: [API] Reasoning Engine available
2026-03-01 22:51:28: [API] Embeddings available
2026-03-01 22:51:31: [API] Reasoning Engine available
2026-03-01 22:51:31: [API] Embeddings available
2026-03-01 22:51:33: [API] Reasoning Engine available
2026-03-01 22:51:33: [API] Embeddings available
2026-03-01 22:51:35: [API] Reasoning Engine available
2026-03-01 22:51:35: [API] Embeddings available
2026-03-01 22:51:37: [API] Reasoning Engine available
2026-03-01 22:51:37: 
2026-03-01 22:51:37: [API] Embeddings available
2026-03-01 22:51:39: [API] Reasoning Engine available
2026-03-01 22:51:39: [API] Embeddings available
2026-03-01 22:51:41: [API] Reasoning Engine available
2026-03-01 22:51:41: [API] Embeddings available
2026-03-01 22:51:41: 
2026-03-01 22:51:43: [API] Reasoning Engine available
2026-03-01 22:51:43: [API] Embeddings available
2026-03-01 22:51:45: [API] Reasoning Engine available
2026-03-01 22:51:45: [API] Embeddings available
2026-03-01 22:51:48: [API] Reasoning Engine available
2026-03-01 22:51:48: [API] Embeddings available
2026-03-01 22:51:50: [API] Reasoning Engine available
2026-03-01 22:51:50: [API] Embeddings available
2026-03-01 22:51:52: [API] Reasoning Engine available
2026-03-01 22:51:52: [API] Embeddings available
2026-03-01 22:51:54: [API] Reasoning Engine available
2026-03-01 22:51:54: 
2026-03-01 22:51:54: [API] Embeddings available
2026-03-01 22:51:54: 
2026-03-01 22:51:56: [API] Reasoning Engine available
2026-03-01 22:51:56: 
2026-03-01 22:51:56: [API] Embeddings available
2026-03-01 22:51:58: [API] Reasoning Engine available
2026-03-01 22:51:58: [API] Embeddings available
2026-03-01 22:52:01: [API] Reasoning Engine available
2026-03-01 22:52:01: [API] Embeddings available
2026-03-01 22:52:03: [API] Reasoning Engine available
2026-03-01 22:52:03: [API] Embeddings available
2026-03-01 22:52:05: [API] Reasoning Engine available
2026-03-01 22:52:05: [API] Embeddings available
2026-03-01 22:52:08: [API] Reasoning Engine available
2026-03-01 22:52:08: [API] Embeddings available
2026-03-01 22:52:10: [API] Reasoning Engine available
2026-03-01 22:52:10: [API] Embeddings available
2026-03-01 22:52:10: 
2026-03-01 22:52:12: [API] Reasoning Engine available
2026-03-01 22:52:12: [API] Embeddings available
2026-03-01 22:52:14: [API] Reasoning Engine available
2026-03-01 22:52:14: [API] Embeddings available
2026-03-01 22:52:17: [API] Reasoning Engine available
2026-03-01 22:52:17: [API] Embeddings available
2026-03-01 22:52:19: [API] Reasoning Engine available
2026-03-01 22:52:19: [API] Embeddings available
2026-03-01 22:52:21: [API] Reasoning Engine available
2026-03-01 22:52:21: [API] Embeddings available
2026-03-01 22:52:24: [API] Reasoning Engine available
2026-03-01 22:52:24: [API] Embeddings available
2026-03-01 22:52:26: [API] Reasoning Engine available
2026-03-01 22:52:26: [API] Embeddings available
2026-03-01 22:52:28: [API] Reasoning Engine available
2026-03-01 22:52:28: [API] Embeddings available
2026-03-01 22:52:30: [API] Reasoning Engine available
2026-03-01 22:52:30: [API] Embeddings available
2026-03-01 22:52:33: [API] Reasoning Engine available
2026-03-01 22:52:33: [API] Embeddings available
2026-03-01 22:52:35: [API] Reasoning Engine available
2026-03-01 22:52:35: [API] Embeddings available
2026-03-01 22:52:37: [API] Reasoning Engine available
2026-03-01 22:52:37: [API] Embeddings available
2026-03-01 22:52:40: [API] Reasoning Engine available
2026-03-01 22:52:40: [API] Embeddings available
2026-03-01 22:52:42: [API] Reasoning Engine available
2026-03-01 22:52:42: [API] Embeddings available
2026-03-01 22:52:44: [API] Reasoning Engine available
2026-03-01 22:52:44: [API] Embeddings available
2026-03-01 22:52:46: [API] Reasoning Engine available
2026-03-01 22:52:46: [API] Embeddings available
2026-03-01 22:52:49: [API] Reasoning Engine available
2026-03-01 22:52:49: [API] Embeddings available
2026-03-01 22:52:51: [API] Reasoning Engine available
2026-03-01 22:52:51: [API] Embeddings available
2026-03-01 22:52:53: [API] Reasoning Engine available
2026-03-01 22:52:53: [API] Embeddings available
2026-03-01 22:52:56: [API] Reasoning Engine available
2026-03-01 22:52:56: [API] Embeddings available
2026-03-01 22:52:58: [API] Reasoning Engine available
2026-03-01 22:52:58: [API] Embeddings available
2026-03-01 22:53:00: [API] Reasoning Engine available
2026-03-01 22:53:00: [API] Embeddings available
2026-03-01 22:53:03: [API] Reasoning Engine available
2026-03-01 22:53:03: [API] Embeddings available
2026-03-01 22:53:05: [API] Reasoning Engine available
2026-03-01 22:53:05: [API] Embeddings available
2026-03-01 22:53:07: [API] Reasoning Engine available
2026-03-01 22:53:07: [API] Embeddings available
2026-03-01 22:53:10: [API] Reasoning Engine available
2026-03-01 22:53:10: [API] Embeddings available
2026-03-01 22:53:12: [API] Reasoning Engine available
2026-03-01 22:53:12: [API] Embeddings available
2026-03-01 22:53:14: [API] Reasoning Engine available
2026-03-01 22:53:14: [API] Embeddings available
2026-03-01 22:53:16: [API] Reasoning Engine available
2026-03-01 22:53:16: [API] Embeddings available
2026-03-01 22:53:19: [API] Reasoning Engine available
2026-03-01 22:53:19: [API] Embeddings available
2026-03-01 22:53:21: [API] Reasoning Engine available
2026-03-01 22:53:21: [API] Embeddings available
2026-03-01 22:53:23: [API] Reasoning Engine available
2026-03-01 22:53:23: [API] Embeddings available
2026-03-01 22:53:26: [API] Reasoning Engine available
2026-03-01 22:53:26: [API] Embeddings available
2026-03-01 22:53:28: [API] Reasoning Engine available
2026-03-01 22:53:28: [API] Embeddings available
2026-03-01 22:53:30: [API] Reasoning Engine available
2026-03-01 22:53:30: [API] Embeddings available
2026-03-01 22:53:33: [API] Reasoning Engine available
2026-03-01 22:53:33: [API] Embeddings available
2026-03-01 22:53:35: [API] Reasoning Engine available
2026-03-01 22:53:35: [API] Embeddings available
2026-03-01 22:53:37: [API] Reasoning Engine available
2026-03-01 22:53:37: [API] Embeddings available
2026-03-01 22:53:39: [API] Reasoning Engine available
2026-03-01 22:53:39: [API] Embeddings available
2026-03-01 22:53:42: [API] Reasoning Engine available
2026-03-01 22:53:42: [API] Embeddings available
2026-03-01 22:53:44: [API] Reasoning Engine available
2026-03-01 22:53:44: [API] Embeddings available
2026-03-01 22:53:46: [API] Reasoning Engine available
2026-03-01 22:53:46: [API] Embeddings available
2026-03-01 22:53:49: [API] Reasoning Engine available
2026-03-01 22:53:49: [API] Embeddings available
2026-03-01 22:53:51: [API] Reasoning Engine available
2026-03-01 22:53:51: [API] Embeddings available
2026-03-01 22:53:53: [API] Reasoning Engine available
2026-03-01 22:53:53: [API] Embeddings available
2026-03-01 22:53:56: [API] Reasoning Engine available
2026-03-01 22:53:56: [API] Embeddings available
2026-03-01 22:53:58: [API] Reasoning Engine available
2026-03-01 22:53:58: [API] Embeddings available
2026-03-01 22:54:00: [API] Reasoning Engine available
2026-03-01 22:54:00: 
2026-03-01 22:54:00: [API] Embeddings available
2026-03-01 22:54:00: 
2026-03-01 22:54:03: [API] Reasoning Engine available
2026-03-01 22:54:03: [API] Embeddings available
2026-03-01 22:54:05: [API] Reasoning Engine available
2026-03-01 22:54:05: [API] Embeddings available
2026-03-01 22:54:07: [API] Reasoning Engine available
2026-03-01 22:54:07: [API] Embeddings available
2026-03-01 22:54:09: [API] Reasoning Engine available
2026-03-01 22:54:09: [API] Embeddings available
2026-03-01 22:54:12: [API] Reasoning Engine available
2026-03-01 22:54:12: [API] Embeddings available
2026-03-01 22:54:14: [API] Reasoning Engine available
2026-03-01 22:54:14: 
2026-03-01 22:54:14: [API] Embeddings available
2026-03-01 22:54:16: [API] Reasoning Engine available
2026-03-01 22:54:16: [API] Embeddings available
2026-03-01 22:54:19: [API] Reasoning Engine available
2026-03-01 22:54:19: [API] Embeddings available
2026-03-01 22:54:21: [API] Reasoning Engine available
2026-03-01 22:54:21: [API] Embeddings available
2026-03-01 22:54:23: [API] Reasoning Engine available
2026-03-01 22:54:23: [API] Embeddings available
2026-03-01 22:54:25: [API] Reasoning Engine available
2026-03-01 22:54:25: [API] Embeddings available
2026-03-01 22:54:28: [API] Reasoning Engine available
2026-03-01 22:54:28: [API] Embeddings available
2026-03-01 22:54:30: [API] Reasoning Engine available
2026-03-01 22:54:30: [API] Embeddings available
2026-03-01 22:54:32: [API] Reasoning Engine available
2026-03-01 22:54:32: [API] Embeddings available
2026-03-01 22:54:35: [API] Reasoning Engine available
2026-03-01 22:54:35: [API] Embeddings available
2026-03-01 22:54:37: [API] Reasoning Engine available
2026-03-01 22:54:37: [API] Embeddings available
2026-03-01 22:54:39: [API] Reasoning Engine available
2026-03-01 22:54:39: [API] Embeddings available
2026-03-01 22:54:42: [API] Reasoning Engine available
2026-03-01 22:54:42: [API] Embeddings available
2026-03-01 22:54:44: [API] Reasoning Engine available
2026-03-01 22:54:44: [API] Embeddings available
2026-03-01 22:54:46: [API] Reasoning Engine available
2026-03-01 22:54:46: [API] Embeddings available
2026-03-01 22:54:48: [API] Reasoning Engine available
2026-03-01 22:54:48: [API] Embeddings available
2026-03-01 22:54:51: [API] Reasoning Engine available
2026-03-01 22:54:51: [API] Embeddings available
2026-03-01 22:54:53: [API] Reasoning Engine available
2026-03-01 22:54:53: [API] Embeddings available
2026-03-01 22:54:55: [API] Reasoning Engine available
2026-03-01 22:54:55: [API] Embeddings available
2026-03-01 22:54:58: [API] Reasoning Engine available
2026-03-01 22:54:58: [API] Embeddings available
2026-03-01 22:55:00: [API] Reasoning Engine available
2026-03-01 22:55:00: 
2026-03-01 22:55:00: [API] Embeddings available
2026-03-01 22:55:02: [API] Reasoning Engine available
2026-03-01 22:55:02: [API] Embeddings available
2026-03-01 22:55:04: [API] Reasoning Engine available
2026-03-01 22:55:04: [API] Embeddings available
2026-03-01 22:55:07: [API] Reasoning Engine available
2026-03-01 22:55:07: [API] Embeddings available
2026-03-01 22:55:09: [API] Reasoning Engine available
2026-03-01 22:55:09: [API] Embeddings available
2026-03-01 22:55:11: [API] Reasoning Engine available
2026-03-01 22:55:11: [API] Embeddings available
2026-03-01 22:55:14: [API] Reasoning Engine available
2026-03-01 22:55:14: [API] Embeddings available
2026-03-01 22:55:16: [API] Reasoning Engine available
2026-03-01 22:55:16: [API] Embeddings available
2026-03-01 22:55:18: [API] Reasoning Engine available
2026-03-01 22:55:18: [API] Embeddings available
2026-03-01 22:55:21: [API] Reasoning Engine available
2026-03-01 22:55:21: [API] Embeddings available
2026-03-01 22:55:23: [API] Reasoning Engine available
2026-03-01 22:55:23: [API] Embeddings available
2026-03-01 22:55:25: [API] Reasoning Engine available
2026-03-01 22:55:25: [API] Embeddings available
2026-03-01 22:55:27: [API] Reasoning Engine available
2026-03-01 22:55:27: [API] Embeddings available
2026-03-01 22:55:30: [API] Reasoning Engine available
2026-03-01 22:55:30: [API] Embeddings available
2026-03-01 22:55:32: [API] Reasoning Engine available
2026-03-01 22:55:32: [API] Embeddings available
2026-03-01 22:55:34: [API] Reasoning Engine available
2026-03-01 22:55:34: [API] Embeddings available
2026-03-01 22:55:37: [API] Reasoning Engine available
2026-03-01 22:55:37: [API] Embeddings available
2026-03-01 22:55:39: [API] Reasoning Engine available
2026-03-01 22:55:39: [API] Embeddings available
2026-03-01 22:55:41: [API] Reasoning Engine available
2026-03-01 22:55:41: [API] Embeddings available
2026-03-01 22:55:43: [API] Reasoning Engine available
2026-03-01 22:55:43: [API] Embeddings available
2026-03-01 22:55:46: [API] Reasoning Engine available
2026-03-01 22:55:46: [API] Embeddings available
2026-03-01 22:55:48: [API] Reasoning Engine available
2026-03-01 22:55:48: [API] Embeddings available
2026-03-01 22:55:50: [API] Reasoning Engine available
2026-03-01 22:55:50: [API] Embeddings available
2026-03-01 22:55:53: [API] Reasoning Engine available
2026-03-01 22:55:53: [API] Embeddings available
2026-03-01 22:55:55: [API] Reasoning Engine available
2026-03-01 22:55:55: [API] Embeddings available
2026-03-01 22:55:57: [API] Reasoning Engine available
2026-03-01 22:55:57: [API] Embeddings available
2026-03-01 22:55:59: [API] Reasoning Engine available
2026-03-01 22:55:59: [API] Embeddings available
2026-03-01 22:56:02: [API] Reasoning Engine available
2026-03-01 22:56:02: [API] Embeddings available
2026-03-01 22:56:04: [API] Reasoning Engine available
2026-03-01 22:56:04: [API] Embeddings available
2026-03-01 22:56:06: [API] Reasoning Engine available
2026-03-01 22:56:06: [API] Embeddings available
2026-03-01 22:56:09: [API] Reasoning Engine available
2026-03-01 22:56:09: [API] Embeddings available
2026-03-01 22:56:11: [API] Reasoning Engine available
2026-03-01 22:56:11: [API] Embeddings available
2026-03-01 22:56:13: [API] Reasoning Engine available
2026-03-01 22:56:13: [API] Embeddings available
2026-03-01 22:56:16: [API] Reasoning Engine available
2026-03-01 22:56:16: [API] Embeddings available
2026-03-01 22:56:18: [API] Reasoning Engine available
2026-03-01 22:56:18: [API] Embeddings available
2026-03-01 22:56:20: [API] Reasoning Engine available
2026-03-01 22:56:20: [API] Embeddings available
2026-03-01 22:56:22: [API] Reasoning Engine available
2026-03-01 22:56:22: [API] Embeddings available
2026-03-01 22:56:25: [API] Reasoning Engine available
2026-03-01 22:56:25: [API] Embeddings available
2026-03-01 22:56:27: [API] Reasoning Engine available
2026-03-01 22:56:27: [API] Embeddings available
2026-03-01 22:56:29: [API] Reasoning Engine available
2026-03-01 22:56:29: [API] Embeddings available
2026-03-01 22:56:32: [API] Reasoning Engine available
2026-03-01 22:56:32: [API] Embeddings available
2026-03-01 22:56:34: [API] Reasoning Engine available
2026-03-01 22:56:34: [API] Embeddings available
2026-03-01 22:56:36: [API] Reasoning Engine available
2026-03-01 22:56:36: 
2026-03-01 22:56:36: [API] Embeddings available
2026-03-01 22:56:39: [API] Reasoning Engine available
2026-03-01 22:56:39: [API] Embeddings available
2026-03-01 22:56:39: 
2026-03-01 22:56:41: [API] Reasoning Engine available
2026-03-01 22:56:41: 
2026-03-01 22:56:41: [API] Embeddings available
2026-03-01 22:56:43: [API] Reasoning Engine available
2026-03-01 22:56:43: [API] Embeddings available
2026-03-01 22:56:45: [API] Reasoning Engine available
2026-03-01 22:56:45: [API] Embeddings available
2026-03-01 22:56:46: 🚀 Enhanced Memory API running on port 9876
2026-03-01 22:56:46:    Endpoints:
2026-03-01 22:56:46:    - /api/memory?query=xxx
2026-03-01 22:56:46:    - /api/memory/entities
2026-03-01 22:56:46:    - /api/memory/recent
2026-03-01 22:56:46:    - /api/memory/semantic?query=xxx
2026-03-01 22:56:46:    - /api/memory/graph?entity=xxx
2026-03-01 22:56:46:    - /api/memory/tiers
2026-03-01 22:56:46:    - /api/status
2026-03-01 22:57:05: [API] Reasoning Engine available
2026-03-01 22:57:05: [API] Embeddings available
2026-03-01 22:57:05: 🚀 Enhanced Memory API running on port 9876
2026-03-01 22:57:05: 
2026-03-01 22:57:05:    Endpoints:
2026-03-01 22:57:05:    - /api/memory?query=xxx
2026-03-01 22:57:05:    - /api/memory/entities
2026-03-01 22:57:05:    - /api/memory/recent
2026-03-01 22:57:05:    - /api/memory/semantic?query=xxx
2026-03-01 22:57:05:    - /api/memory/graph?entity=xxx
2026-03-01 22:57:05:    - /api/memory/tiers
2026-03-01 22:57:05:    - /api/status
2026-03-01 23:00:05: [API] GET /api/status HTTP/1.1
2026-03-01 23:03:05: [API] GET /api/status HTTP/1.1
2026-03-01 23:03:59: [API] Reasoning Engine available
2026-03-01 23:03:59: [API] Embeddings available
2026-03-01 23:03:59: 🚀 Enhanced Memory API running on port 9876
2026-03-01 23:03:59:    Endpoints:
2026-03-01 23:03:59:    - /api/memory?query=xxx
2026-03-01 23:03:59:    - /api/memory/entities
2026-03-01 23:03:59:    - /api/memory/recent
2026-03-01 23:03:59:    - /api/memory/semantic?query=xxx
2026-03-01 23:03:59:    - /api/memory/graph?entity=xxx
2026-03-01 23:03:59:    - /api/memory/tiers
2026-03-01 23:03:59:    - /api/status
2026-03-01 23:04:04: [API] GET /api/status HTTP/1.1
2026-03-01 23:05:28: [API] Reasoning Engine available
2026-03-01 23:05:28: 
2026-03-01 23:05:28: [API] Embeddings available
2026-03-01 23:05:28: 
2026-03-01 23:05:28: 🚀 Enhanced Memory API running on port 9876
2026-03-01 23:05:28:    Endpoints:
2026-03-01 23:05:28:    - /api/memory?query=xxx
2026-03-01 23:05:28:    - /api/memory/entities
2026-03-01 23:05:28:    - /api/memory/recent
2026-03-01 23:05:28:    - /api/memory/semantic?query=xxx
2026-03-01 23:05:28:    - /api/memory/graph?entity=xxx
2026-03-01 23:05:28:    - /api/memory/tiers
2026-03-01 23:05:28:    - /api/status
2026-03-01 23:17:11: [API] GET /api/status HTTP/1.1
2026-03-01 23:17:36: [API] GET /api/status HTTP/1.1
2026-03-01 23:20:36: [API] GET /api/status HTTP/1.1
2026-03-01 23:23:38: [API] GET /api/status HTTP/1.1
2026-03-01 23:26:38: [API] GET /api/status HTTP/1.1
2026-03-01 23:29:38: [API] GET /api/status HTTP/1.1
2026-03-01 23:32:38: [API] GET /api/status HTTP/1.1
2026-03-01 23:35:39: [API] GET /api/status HTTP/1.1
2026-03-01 23:38:39: [API] GET /api/status HTTP/1.1
2026-03-01 23:41:39: [API] GET /api/status HTTP/1.1
2026-03-01 23:44:39: [API] GET /api/status HTTP/1.1
2026-03-01 23:47:39: [API] GET /api/status HTTP/1.1
2026-03-01 23:50:39: [API] GET /api/status HTTP/1.1
2026-03-01 23:53:39: [API] GET /api/status HTTP/1.1
2026-03-01 23:56:39: [API] GET /api/status HTTP/1.1
2026-03-01 23:59:39: [API] GET /api/status HTTP/1.1
2026-03-01 23:59:41: [API] GET /api/status HTTP/1.1
2026-03-01 23:59:59: [EMBEDDINGS] ZhipuAI embedding-2 available
2026-03-02 00:00:06: [API] Reasoning Engine available
2026-03-02 00:00:06: [API] Embeddings available
2026-03-02 00:00:07: 🚀 Enhanced Memory API running on port 9876
2026-03-02 00:00:07:    Endpoints:
2026-03-02 00:00:07:    - /api/memory?query=xxx
2026-03-02 00:00:07:    - /api/memory/entities
2026-03-02 00:00:07:    - /api/memory/recent
2026-03-02 00:00:07:    - /api/memory/semantic?query=xxx
2026-03-02 00:00:07:    - /api/memory/graph?entity=xxx
2026-03-02 00:00:07:    - /api/memory/tiers
2026-03-02 00:00:07:    - /api/status
2026-03-02 00:02:11: [EMBEDDINGS] ZhipuAI embedding-2 available
2026-03-02 00:02:11: [API] GET /api/reasoning/context?query=alberto&graph=true&synthesize=false HTTP/1.1
2026-03-02 00:02:39: [API] GET /api/status HTTP/1.1
2026-03-02 00:03:31: [API] Reasoning Engine available
2026-03-02 00:03:31: [API] Embeddings available
2026-03-02 00:03:32: 🚀 Enhanced Memory API running on port 9876
2026-03-02 00:03:32:    Endpoints:
2026-03-02 00:03:32:    - /api/memory?query=xxx
2026-03-02 00:03:32:    - /api/memory/entities
2026-03-02 00:03:32:    - /api/memory/recent
2026-03-02 00:03:32:    - /api/memory/semantic?query=xxx
2026-03-02 00:03:32:    - /api/memory/graph?entity=xxx
2026-03-02 00:03:32:    - /api/memory/tiers
2026-03-02 00:03:32:    - /api/status
2026-03-02 00:03:34: [API] GET /api/status HTTP/1.1
2026-03-02 00:06:34: [API] GET /api/status HTTP/1.1
2026-03-02 00:06:55: [EMBEDDINGS] ZhipuAI embedding-2 available
2026-03-02 00:06:55: [API] GET /api/reasoning/context?query=alberto&graph=true&synthesize=false HTTP/1.1
2026-03-02 00:07:31: [API] Reasoning Engine available
2026-03-02 00:07:31: [API] Embeddings available
2026-03-02 00:07:31: 🚀 Enhanced Memory API running on port 9876
2026-03-02 00:07:31: 
2026-03-02 00:07:31:    Endpoints:
2026-03-02 00:07:31: 
2026-03-02 00:07:31:    - /api/memory?query=xxx
2026-03-02 00:07:31:    - /api/memory/entities
2026-03-02 00:07:31:    - /api/memory/recent
2026-03-02 00:07:31:    - /api/memory/semantic?query=xxx
2026-03-02 00:07:31:    - /api/memory/graph?entity=xxx
2026-03-02 00:07:31:    - /api/memory/tiers
2026-03-02 00:07:31:    - /api/status
2026-03-02 00:07:38: [EMBEDDINGS] ZhipuAI embedding-2 available
2026-03-02 00:07:52: [API] GET /api/reasoning/context?query=alberto&graph=true&synthesize=true HTTP/1.1
2026-03-02 00:09:34: [API] GET /api/status HTTP/1.1
2026-03-02 00:12:34: [API] GET /api/status HTTP/1.1
2026-03-02 00:15:34: [API] GET /api/status HTTP/1.1
2026-03-02 00:18:34: [API] GET /api/status HTTP/1.1
2026-03-02 00:21:34: [API] GET /api/status HTTP/1.1
2026-03-02 00:24:34: [API] GET /api/status HTTP/1.1
